
=== Testing AutoThreatMap Enhancements ===

Attempting to import app.workers.email_notifier
[PASS] EmailNotifier module imported successfully
[PASS] Email Notifier instance created successfully
[WARN] pdfkit not available, using mock implementation
[FAIL] Report Generator test failed: No module named 'jinja2'
[PASS] ScanRequest model has been updated with new fields
[WARN] aiohttp not available, using mock implementation
[WARN] zapv2 not available, using mock implementation
[PASS] ZAP Runner module imported successfully
[PASS] ZAP Runner instance created successfully
[PASS] SpotBugs Runner module imported successfully
[PASS] SpotBugs Runner instance created successfully
[PASS] Gosec Runner module imported successfully
[PASS] Gosec Runner instance created successfully
[PASS] Python Flask demo app found
[PASS] Node Express demo app found
[PASS] Demo apps verified successfully

=== Test Results Summary ===

Email Notifications: PASSED
Report Generation: FAILED
Model Updates: PASSED
DAST Integration (ZAP): PASSED
Java Scanner (SpotBugs): PASSED
Go Scanner (gosec): PASSED
Demo Apps: PASSED

[FAIL] Some tests failed. Please check the logs above.
