
=== Testing AutoThreatMap Enhancements ===

Attempting to import app.workers.email_notifier
python : Traceback (most 
recent call last):
At line:1 char:1
+ python quick_test.py > 
test_output.txt 2>&1
+ ~~~~~~~~~~~~~~~~~~~~~~~~~~
~~~~~~~~~~~~~~~~~
    + CategoryInfo          
    : NotSpecified: (Trace  
  back (most recent call    
 last)::String) [], Remo    
teException
    + FullyQualifiedErrorId 
    : NativeCommandError
 
  File "C:\Users\MSI 
PC\Workspace\DevSecOps 
Automation Project\ThreatMod
elerX\quick_test.py", line 
27, in test_module_import
    print(f"\u2705 
{class_name} module 
imported successfully")
    ~~~~~^^^^^^^^^^^^^^^^^^^
^^^^^^^^^^^^^^^^^^^^^^^^^^^^
^^
  File "C:\Users\MSI PC\mini
conda3\Lib\encodings\cp1252.
py", line 19, in encode
    return codecs.charmap_en
code(input,self.errors,encod
ing_table)[0]
           ~~~~~~~~~~~~~~~~~
~~~~^^^^^^^^^^^^^^^^^^^^^^^^
^^^^^^^^^^
UnicodeEncodeError: 
'charmap' codec can't 
encode character '\u2705' 
in position 0: character 
maps to <undefined>

During handling of the 
above exception, another 
exception occurred:

Traceback (most recent call 
last):
  File "C:\Users\MSI 
PC\Workspace\DevSecOps 
Automation Project\ThreatMod
elerX\quick_test.py", line 
329, in <module>
    sys.exit(main())
             ~~~~^^
  File "C:\Users\MSI 
PC\Workspace\DevSecOps 
Automation Project\ThreatMod
elerX\quick_test.py", line 
302, in main
    "Email Notifications": 
test_email_notifier(),
                           
~~~~~~~~~~~~~~~~~~~^^
  File "C:\Users\MSI 
PC\Workspace\DevSecOps 
Automation Project\ThreatMod
elerX\quick_test.py", line 
41, in test_email_notifier
    success, module = test_m
odule_import("app.workers.em
ail_notifier", 
"EmailNotifier")
                      ~~~~~~
~~~~~~~~~~~~^^^^^^^^^^^^^^^^
^^^^^^^^^^^^^^^^^^^^^^^^^^^^
^^^
  File "C:\Users\MSI 
PC\Workspace\DevSecOps 
Automation Project\ThreatMod
elerX\quick_test.py", line 
36, in test_module_import
    print(f"\u274c 
{class_name} test failed 
with unexpected error: 
{str(e)}")
    ~~~~~^^^^^^^^^^^^^^^^^^^
^^^^^^^^^^^^^^^^^^^^^^^^^^^^
^^^^^^^^^^^^^^^^^
  File "C:\Users\MSI PC\mini
conda3\Lib\encodings\cp1252.
py", line 19, in encode
    return codecs.charmap_en
code(input,self.errors,encod
ing_table)[0]
           ~~~~~~~~~~~~~~~~~
~~~~^^^^^^^^^^^^^^^^^^^^^^^^
^^^^^^^^^^
UnicodeEncodeError: 
'charmap' codec can't 
encode character '\u274c' 
in position 0: character 
maps to <undefined>
